###############################################################################
#
# IAR ELF Linker V7.30.3.8024/W32 for ARM                 16/Nov/2017  14:15:28
# Copyright 2007-2014 IAR Systems AB.
#
#    Output file  =  
#        E:\c\NOAH_LIGHT_Update\projects\light\application\EWARM\Debug\Exe\PowerBoard_Application.out
#    Map file     =  
#        E:\c\NOAH_LIGHT_Update\projects\light\application\EWARM\Debug\List\PowerBoard_Application.map
#    Command line =  
#        E:\c\NOAH_LIGHT_Update\projects\light\application\EWARM\Debug\Obj\AESUtils.o
#        E:\c\NOAH_LIGHT_Update\projects\light\application\EWARM\Debug\Obj\app_platform.o
#        E:\c\NOAH_LIGHT_Update\projects\light\application\EWARM\Debug\Obj\application.o
#        E:\c\NOAH_LIGHT_Update\projects\light\application\EWARM\Debug\Obj\board_init.o
#        E:\c\NOAH_LIGHT_Update\projects\light\application\EWARM\Debug\Obj\can_protocol.o
#        E:\c\NOAH_LIGHT_Update\projects\light\application\EWARM\Debug\Obj\CheckSumUtils.o
#        E:\c\NOAH_LIGHT_Update\projects\light\application\EWARM\Debug\Obj\crt0_EWARM.o
#        E:\c\NOAH_LIGHT_Update\projects\light\application\EWARM\Debug\Obj\fifo.o
#        E:\c\NOAH_LIGHT_Update\projects\light\application\EWARM\Debug\Obj\Getline.o
#        E:\c\NOAH_LIGHT_Update\projects\light\application\EWARM\Debug\Obj\global.o
#        E:\c\NOAH_LIGHT_Update\projects\light\application\EWARM\Debug\Obj\hardfault.o
#        E:\c\NOAH_LIGHT_Update\projects\light\application\EWARM\Debug\Obj\i2c.o
#        E:\c\NOAH_LIGHT_Update\projects\light\application\EWARM\Debug\Obj\LibMd5.o
#        E:\c\NOAH_LIGHT_Update\projects\light\application\EWARM\Debug\Obj\mico_platform_common.o
#        E:\c\NOAH_LIGHT_Update\projects\light\application\EWARM\Debug\Obj\platform.o
#        E:\c\NOAH_LIGHT_Update\projects\light\application\EWARM\Debug\Obj\platform_can.o
#        E:\c\NOAH_LIGHT_Update\projects\light\application\EWARM\Debug\Obj\platform_flash.o
#        E:\c\NOAH_LIGHT_Update\projects\light\application\EWARM\Debug\Obj\platform_gpio.o
#        E:\c\NOAH_LIGHT_Update\projects\light\application\EWARM\Debug\Obj\platform_init.o
#        E:\c\NOAH_LIGHT_Update\projects\light\application\EWARM\Debug\Obj\platform_mcu_powersave.o
#        E:\c\NOAH_LIGHT_Update\projects\light\application\EWARM\Debug\Obj\platform_tim.o
#        E:\c\NOAH_LIGHT_Update\projects\light\application\EWARM\Debug\Obj\platform_uart.o
#        E:\c\NOAH_LIGHT_Update\projects\light\application\EWARM\Debug\Obj\platform_watchdog.o
#        E:\c\NOAH_LIGHT_Update\projects\light\application\EWARM\Debug\Obj\Retarget.o
#        E:\c\NOAH_LIGHT_Update\projects\light\application\EWARM\Debug\Obj\RingBufferUtils.o
#        E:\c\NOAH_LIGHT_Update\projects\light\application\EWARM\Debug\Obj\rtos.o
#        E:\c\NOAH_LIGHT_Update\projects\light\application\EWARM\Debug\Obj\SecurityUtils.o
#        E:\c\NOAH_LIGHT_Update\projects\light\application\EWARM\Debug\Obj\serial_uart.o
#        E:\c\NOAH_LIGHT_Update\projects\light\application\EWARM\Debug\Obj\startup_stm32f103xe_application_EWARM.o
#        E:\c\NOAH_LIGHT_Update\projects\light\application\EWARM\Debug\Obj\stm32f1xx_hal.o
#        E:\c\NOAH_LIGHT_Update\projects\light\application\EWARM\Debug\Obj\stm32f1xx_hal_adc.o
#        E:\c\NOAH_LIGHT_Update\projects\light\application\EWARM\Debug\Obj\stm32f1xx_hal_adc_ex.o
#        E:\c\NOAH_LIGHT_Update\projects\light\application\EWARM\Debug\Obj\stm32f1xx_hal_can.o
#        E:\c\NOAH_LIGHT_Update\projects\light\application\EWARM\Debug\Obj\stm32f1xx_hal_cec.o
#        E:\c\NOAH_LIGHT_Update\projects\light\application\EWARM\Debug\Obj\stm32f1xx_hal_cortex.o
#        E:\c\NOAH_LIGHT_Update\projects\light\application\EWARM\Debug\Obj\stm32f1xx_hal_crc.o
#        E:\c\NOAH_LIGHT_Update\projects\light\application\EWARM\Debug\Obj\stm32f1xx_hal_dac.o
#        E:\c\NOAH_LIGHT_Update\projects\light\application\EWARM\Debug\Obj\stm32f1xx_hal_dac_ex.o
#        E:\c\NOAH_LIGHT_Update\projects\light\application\EWARM\Debug\Obj\stm32f1xx_hal_dma.o
#        E:\c\NOAH_LIGHT_Update\projects\light\application\EWARM\Debug\Obj\stm32f1xx_hal_eth.o
#        E:\c\NOAH_LIGHT_Update\projects\light\application\EWARM\Debug\Obj\stm32f1xx_hal_flash.o
#        E:\c\NOAH_LIGHT_Update\projects\light\application\EWARM\Debug\Obj\stm32f1xx_hal_flash_ex.o
#        E:\c\NOAH_LIGHT_Update\projects\light\application\EWARM\Debug\Obj\stm32f1xx_hal_gpio.o
#        E:\c\NOAH_LIGHT_Update\projects\light\application\EWARM\Debug\Obj\stm32f1xx_hal_gpio_ex.o
#        E:\c\NOAH_LIGHT_Update\projects\light\application\EWARM\Debug\Obj\stm32f1xx_hal_hcd.o
#        E:\c\NOAH_LIGHT_Update\projects\light\application\EWARM\Debug\Obj\stm32f1xx_hal_i2c.o
#        E:\c\NOAH_LIGHT_Update\projects\light\application\EWARM\Debug\Obj\stm32f1xx_hal_i2s.o
#        E:\c\NOAH_LIGHT_Update\projects\light\application\EWARM\Debug\Obj\stm32f1xx_hal_irda.o
#        E:\c\NOAH_LIGHT_Update\projects\light\application\EWARM\Debug\Obj\stm32f1xx_hal_iwdg.o
#        E:\c\NOAH_LIGHT_Update\projects\light\application\EWARM\Debug\Obj\stm32f1xx_hal_msp_template.o
#        E:\c\NOAH_LIGHT_Update\projects\light\application\EWARM\Debug\Obj\stm32f1xx_hal_nand.o
#        E:\c\NOAH_LIGHT_Update\projects\light\application\EWARM\Debug\Obj\stm32f1xx_hal_nor.o
#        E:\c\NOAH_LIGHT_Update\projects\light\application\EWARM\Debug\Obj\stm32f1xx_hal_pccard.o
#        E:\c\NOAH_LIGHT_Update\projects\light\application\EWARM\Debug\Obj\stm32f1xx_hal_pcd.o
#        E:\c\NOAH_LIGHT_Update\projects\light\application\EWARM\Debug\Obj\stm32f1xx_hal_pcd_ex.o
#        E:\c\NOAH_LIGHT_Update\projects\light\application\EWARM\Debug\Obj\stm32f1xx_hal_pwr.o
#        E:\c\NOAH_LIGHT_Update\projects\light\application\EWARM\Debug\Obj\stm32f1xx_hal_rcc.o
#        E:\c\NOAH_LIGHT_Update\projects\light\application\EWARM\Debug\Obj\stm32f1xx_hal_rcc_ex.o
#        E:\c\NOAH_LIGHT_Update\projects\light\application\EWARM\Debug\Obj\stm32f1xx_hal_rtc.o
#        E:\c\NOAH_LIGHT_Update\projects\light\application\EWARM\Debug\Obj\stm32f1xx_hal_rtc_ex.o
#        E:\c\NOAH_LIGHT_Update\projects\light\application\EWARM\Debug\Obj\stm32f1xx_hal_sd.o
#        E:\c\NOAH_LIGHT_Update\projects\light\application\EWARM\Debug\Obj\stm32f1xx_hal_smartcard.o
#        E:\c\NOAH_LIGHT_Update\projects\light\application\EWARM\Debug\Obj\stm32f1xx_hal_spi.o
#        E:\c\NOAH_LIGHT_Update\projects\light\application\EWARM\Debug\Obj\stm32f1xx_hal_spi_ex.o
#        E:\c\NOAH_LIGHT_Update\projects\light\application\EWARM\Debug\Obj\stm32f1xx_hal_sram.o
#        E:\c\NOAH_LIGHT_Update\projects\light\application\EWARM\Debug\Obj\stm32f1xx_hal_tim.o
#        E:\c\NOAH_LIGHT_Update\projects\light\application\EWARM\Debug\Obj\stm32f1xx_hal_tim_ex.o
#        E:\c\NOAH_LIGHT_Update\projects\light\application\EWARM\Debug\Obj\stm32f1xx_hal_uart.o
#        E:\c\NOAH_LIGHT_Update\projects\light\application\EWARM\Debug\Obj\stm32f1xx_hal_usart.o
#        E:\c\NOAH_LIGHT_Update\projects\light\application\EWARM\Debug\Obj\stm32f1xx_hal_wwdg.o
#        E:\c\NOAH_LIGHT_Update\projects\light\application\EWARM\Debug\Obj\stm32f1xx_ll_fsmc.o
#        E:\c\NOAH_LIGHT_Update\projects\light\application\EWARM\Debug\Obj\stm32f1xx_ll_sdmmc.o
#        E:\c\NOAH_LIGHT_Update\projects\light\application\EWARM\Debug\Obj\stm32f1xx_ll_usb.o
#        E:\c\NOAH_LIGHT_Update\projects\light\application\EWARM\Debug\Obj\StringUtils.o
#        E:\c\NOAH_LIGHT_Update\projects\light\application\EWARM\Debug\Obj\system_stm32f1xx.o
#        E:\c\NOAH_LIGHT_Update\projects\light\application\EWARM\Debug\Obj\TLVUtils.o
#        E:\c\NOAH_LIGHT_Update\projects\light\application\EWARM\Debug\Obj\Update_for_OTA.o
#        E:\c\NOAH_LIGHT_Update\projects\light\application\EWARM\Debug\Obj\upgrade_flash.o
#        E:\c\NOAH_LIGHT_Update\projects\light\application\EWARM\Debug\Obj\URLUtils.o
#        E:\c\NOAH_LIGHT_Update\projects\light\application\EWARM\Debug\Obj\VL53L0.o
#        E:\c\NOAH_LIGHT_Update\projects\light\application\EWARM\Debug\Obj\vl53l0x_api.o
#        E:\c\NOAH_LIGHT_Update\projects\light\application\EWARM\Debug\Obj\vl53l0x_api_calibration.o
#        E:\c\NOAH_LIGHT_Update\projects\light\application\EWARM\Debug\Obj\vl53l0x_api_core.o
#        E:\c\NOAH_LIGHT_Update\projects\light\application\EWARM\Debug\Obj\vl53l0x_api_strings.o
#        E:\c\NOAH_LIGHT_Update\projects\light\application\EWARM\Debug\Obj\vl53l0x_platform.o
#        -o
#        E:\c\NOAH_LIGHT_Update\projects\light\application\EWARM\Debug\Exe\PowerBoard_Application.out
#        --map
#        E:\c\NOAH_LIGHT_Update\projects\light\application\EWARM\Debug\List\PowerBoard_Application.map
#        --config
#        E:\c\NOAH_LIGHT_Update\projects\light\application\EWARM\..\..\..\..\board\Ultrasonic\applicationLinkerForIAR.icf
#        --semihosting --entry __iar_program_start --vfe
#
###############################################################################

*******************************************************************************
*** RUNTIME MODEL ATTRIBUTES
***

CppFlavor       = *
__Heap_Handler  = DLMalloc
__SystemLibrary = DLib


*******************************************************************************
*** PLACEMENT SUMMARY
***

"A1":  place at 0x08000000 { ro section .intvec };
"P1":  place in [from 0x08000000 to 0x0800ffff] { ro };
"P2":  place in [from 0x20000000 to 0x20004fff] { rw, block CSTACK, block HEAP };

  Section            Kind        Address    Size  Object
  -------            ----        -------    ----  ------
"A1":                                       0xec
  .intvec                     0x08000000    0xec  <Block>
    .intvec          ro code  0x08000000    0xec  startup_stm32f103xe_application_EWARM.o [1]
                            - 0x080000ec    0xec

"P1":                                     0xda44
  .text              ro code  0x080000ec  0x1c2a  vl53l0x_api_core.o [1]
  .text              ro code  0x08001d16    0x2e  copy_init3.o [4]
  .text              ro code  0x08001d44  0x12c8  vl53l0x_api.o [1]
  .text              ro code  0x0800300c    0x5a  vl53l0x_platform.o [1]
  .text              ro code  0x08003066    0x22  zero_init3.o [4]
  .text              ro code  0x08003088   0x654  i2c.o [1]
  .text              ro code  0x080036dc    0x44  strcpy_unaligned.o [4]
  .text              ro code  0x08003720   0x974  vl53l0x_api_calibration.o [1]
  .text              ro code  0x08004094     0x8  abs.o [3]
  .text              ro code  0x0800409c    0x76  ABImemcpy_unaligned.o [4]
  .text              ro code  0x08004112     0xa  xsprout.o [3]
  .text              ro code  0x0800411c     0x6  ABImemclr4.o [4]
  .rodata            const    0x08004122     0x2  stm32f1xx_hal_rcc.o [1]
  .text              ro code  0x08004124   0x5a8  mico_platform_common.o [1]
  .text              ro code  0x080046cc    0x32  ABImemset48.o [4]
  .text              ro code  0x08004700   0x31c  platform_gpio.o [1]
  .text              ro code  0x08004a1c   0x798  platform_uart.o [1]
  .text              ro code  0x080051b4    0x24  rtos.o [1]
  .text              ro code  0x080051d8    0x10  URLUtils.o [1]
  .text              ro code  0x080051e8    0x24  printf.o [3]
  .text              ro code  0x0800520c   0x762  platform_flash.o [1]
  .text              ro code  0x08005970   0x298  platform_can.o [1]
  .text              ro code  0x08005c08    0x10  platform_mcu_powersave.o [1]
  .text              ro code  0x08005c18   0x2fc  stm32f1xx_hal_gpio.o [1]
  .text              ro code  0x08005f14    0x66  ABImemset.o [4]
  .text              ro code  0x08005f7c   0x36c  stm32f1xx_hal_uart.o [1]
  .text              ro code  0x080062e8    0x58  stm32f1xx_hal_dma.o [1]
  .text              ro code  0x08006340    0x28  RingBufferUtils.o [1]
  .text              ro code  0x08006368    0x18  strrchr.o [3]
  .text              ro code  0x08006380   0x4d8  xprintfsmall_nomb.o [3]
  .text              ro code  0x08006858   0x1b8  stm32f1xx_hal_flash.o [1]
  .text              ro code  0x08006a10   0x114  stm32f1xx_hal_flash_ex.o [1]
  .text              ro code  0x08006b24    0x58  stm32f1xx_hal.o [1]
  .text              ro code  0x08006b7c   0x844  stm32f1xx_hal_can.o [1]
  .text              ro code  0x080073c0    0xe0  fifo.o [1]
  .text              ro code  0x080074a0   0xcc8  stm32f1xx_hal_rcc.o [1]
  .text              ro code  0x08008168    0x16  strchr.o [4]
  .text              ro code  0x08008180    0x36  strlen.o [4]
  .text              ro code  0x080081b8    0x58  memchr.o [4]
  .text              ro code  0x08008210    0x1e  U64Shr.o [4]
  .text              ro code  0x08008230   0x118  stm32f1xx_hal_cortex.o [1]
  .text              ro code  0x08008348   0x1ec  platform_init.o [1]
  .text              ro code  0x08008534     0x2  stm32f1xx_hal_msp_template.o [1]
  .text              ro code  0x08008538    0x24  stm32f1xx_hal_pwr.o [1]
  .text              ro code  0x0800855c   0x156  platform.o [1]
  .text              ro code  0x080086b4    0x10  platform_watchdog.o [1]
  .text              ro code  0x080086c4  0x1518  dlmalloc.o [3]
  .text              ro code  0x08009bdc     0x6  abort.o [3]
  .text              ro code  0x08009be4    0x2c  xgetmemchunk.o [3]
  .text              ro code  0x08009c10    0x14  exit.o [5]
  .text              ro code  0x08009c24   0xdf8  can_protocol.o [1]
  .text              ro code  0x0800aa1c   0x5e4  upgrade_flash.o [1]
  .text              ro code  0x0800b000   0xc82  LibMd5.o [1]
  .text              ro code  0x0800bc84    0x62  memcmp_unaligned.o [4]
  .text              ro code  0x0800bce8    0xa0  StringUtils.o [1]
  .text              ro code  0x0800bd88    0x34  sprintf.o [3]
  .text              ro code  0x0800bdbc   0x48c  VL53L0.o [1]
  .text              ro code  0x0800c248   0x28c  hardfault.o [1]
  .text              ro code  0x0800c4d4   0x150  application.o [1]
  .text              ro code  0x0800c624    0x84  app_platform.o [1]
  .text              ro code  0x0800c6a8    0x58  board_init.o [1]
  .rodata            const    0x0800c700   0x100  platform.o [1]
  .rodata            const    0x0800c800    0x78  platform.o [1]
  .rodata            const    0x0800c878    0x6c  platform_flash.o [1]
  .rodata            const    0x0800c8e4    0x64  platform.o [1]
  .rodata            const    0x0800c948    0x50  can_protocol.o [1]
  .rodata            const    0x0800c998    0x50  platform_flash.o [1]
  .rodata            const    0x0800c9e8    0x50  platform_flash.o [1]
  .rodata            const    0x0800ca38    0x50  platform_flash.o [1]
  .rodata            const    0x0800ca88    0x40  mico_platform_common.o [1]
  .rodata            const    0x0800cac8    0x3c  app_platform.o [1]
  .rodata            const    0x0800cb04    0x3c  app_platform.o [1]
  .rodata            const    0x0800cb40    0x3c  can_protocol.o [1]
  .rodata            const    0x0800cb7c    0x3c  StringUtils.o [1]
  .rodata            const    0x0800cbb8    0x3c  upgrade_flash.o [1]
  .rodata            const    0x0800cbf4    0x38  can_protocol.o [1]
  .rodata            const    0x0800cc2c    0x38  can_protocol.o [1]
  .rodata            const    0x0800cc64    0x38  StringUtils.o [1]
  .rodata            const    0x0800cc9c    0x38  upgrade_flash.o [1]
  .rodata            const    0x0800ccd4    0x38  upgrade_flash.o [1]
  .rodata            const    0x0800cd0c    0x38  VL53L0.o [1]
  .rodata            const    0x0800cd44    0x34  application.o [1]
  .rodata            const    0x0800cd78    0x34  hardfault.o [1]
  .rodata            const    0x0800cdac    0x34  platform_flash.o [1]
  .rodata            const    0x0800cde0    0x34  platform_flash.o [1]
  .rodata            const    0x0800ce14    0x34  platform_flash.o [1]
  .rodata            const    0x0800ce48    0x34  upgrade_flash.o [1]
  .rodata            const    0x0800ce7c    0x30  can_protocol.o [1]
  .rodata            const    0x0800ceac    0x30  hardfault.o [1]
  .rodata            const    0x0800cedc    0x2c  app_platform.o [1]
  .rodata            const    0x0800cf08    0x2c  can_protocol.o [1]
  .rodata            const    0x0800cf34    0x2c  upgrade_flash.o [1]
  .rodata            const    0x0800cf60    0x2c  VL53L0.o [1]
  .rodata            const    0x0800cf8c    0x28  application.o [1]
  .rodata            const    0x0800cfb4    0x28  can_protocol.o [1]
  .rodata            const    0x0800cfdc    0x28  can_protocol.o [1]
  .rodata            const    0x0800d004    0x28  can_protocol.o [1]
  .rodata            const    0x0800d02c    0x28  hardfault.o [1]
  .rodata            const    0x0800d054    0x28  mico_platform_common.o [1]
  .rodata            const    0x0800d07c    0x28  upgrade_flash.o [1]
  .rodata            const    0x0800d0a4    0x28  upgrade_flash.o [1]
  .rodata            const    0x0800d0cc    0x28  VL53L0.o [1]
  .text              ro code  0x0800d0f4    0x28  putchar.o [3]
  .text              ro code  0x0800d11c    0x1e  Retarget.o [1]
  .text              ro code  0x0800d13c    0x28  data_init.o [4]
  .rodata            const    0x0800d164    0x24  can_protocol.o [1]
  .rodata            const    0x0800d188    0x24  can_protocol.o [1]
  .rodata            const    0x0800d1ac    0x24  can_protocol.o [1]
  .rodata            const    0x0800d1d0    0x24  mico_platform_common.o [1]
  .rodata            const    0x0800d1f4    0x24  platform_flash.o [1]
  .rodata            const    0x0800d218    0x24  StringUtils.o [1]
  .rodata            const    0x0800d23c    0x24  upgrade_flash.o [1]
  .rodata            const    0x0800d260    0x24  upgrade_flash.o [1]
  .rodata            const    0x0800d284    0x24  VL53L0.o [1]
  .rodata            const    0x0800d2a8    0x24  VL53L0.o [1]
  .rodata            const    0x0800d2cc    0x24  VL53L0.o [1]
  .iar.init_table    const    0x0800d2f0    0x24  - Linker created -
  .rodata            const    0x0800d314    0x20  can_protocol.o [1]
  .rodata            const    0x0800d334    0x20  can_protocol.o [1]
  .rodata            const    0x0800d354    0x20  platform_gpio.o [1]
  .rodata            const    0x0800d374    0x20  upgrade_flash.o [1]
  .rodata            const    0x0800d394    0x20  upgrade_flash.o [1]
  .rodata            const    0x0800d3b4    0x20  VL53L0.o [1]
  .rodata            const    0x0800d3d4    0x1c  can_protocol.o [1]
  .rodata            const    0x0800d3f0    0x1c  can_protocol.o [1]
  .rodata            const    0x0800d40c    0x1c  upgrade_flash.o [1]
  .rodata            const    0x0800d428    0x1c  upgrade_flash.o [1]
  .rodata            const    0x0800d444    0x1c  VL53L0.o [1]
  .text              ro code  0x0800d460    0x1c  crt0_EWARM.o [1]
  .text              ro code  0x0800d47c    0x1a  cmain.o [4]
  .text              ro code  0x0800d496     0x4  exit.o [3]
  .text              ro code  0x0800d49c     0xa  cexit.o [4]
  .rodata            const    0x0800d4a8    0x18  VL53L0.o [1]
  .text              ro code  0x0800d4c0    0x16  xprout.o [3]
  .rodata            const    0x0800d4d8    0x14  hardfault.o [1]
  .rodata            const    0x0800d4ec    0x14  hardfault.o [1]
  .text              ro code  0x0800d500    0x12  startup_stm32f103xe_application_EWARM.o [1]
  .rodata            const    0x0800d514    0x10  can_protocol.o [1]
  .rodata            const    0x0800d524    0x10  can_protocol.o [1]
  .rodata            const    0x0800d534    0x10  hardfault.o [1]
  .rodata            const    0x0800d544    0x10  hardfault.o [1]
  .rodata            const    0x0800d554    0x10  hardfault.o [1]
  .rodata            const    0x0800d564    0x10  hardfault.o [1]
  .rodata            const    0x0800d574    0x10  hardfault.o [1]
  .rodata            const    0x0800d584    0x10  hardfault.o [1]
  .rodata            const    0x0800d594    0x10  hardfault.o [1]
  .rodata            const    0x0800d5a4    0x10  hardfault.o [1]
  .rodata            const    0x0800d5b4    0x10  hardfault.o [1]
  .rodata            const    0x0800d5c4    0x10  hardfault.o [1]
  .rodata            const    0x0800d5d4    0x10  hardfault.o [1]
  .rodata            const    0x0800d5e4    0x10  hardfault.o [1]
  .rodata            const    0x0800d5f4    0x10  platform.o [1]
  .rodata            const    0x0800d604    0x10  stm32f1xx_hal_rcc.o [1]
  .rodata            const    0x0800d614    0x10  stm32f1xx_hal_rcc.o [1]
  .rodata            const    0x0800d624    0x10  VL53L0.o [1]
  .rodata            const    0x0800d634    0x10  VL53L0.o [1]
  .rodata            const    0x0800d644    0x10  VL53L0.o [1]
  .text              ro code  0x0800d654    0x10  platform_tim.o [1]
  .rodata            const    0x0800d664     0xc  app_platform.o [1]
  .rodata            const    0x0800d670     0xc  can_protocol.o [1]
  .rodata            const    0x0800d67c     0xc  hardfault.o [1]
  .rodata            const    0x0800d688     0xc  hardfault.o [1]
  .rodata            const    0x0800d694     0xc  hardfault.o [1]
  .rodata            const    0x0800d6a0     0xc  platform.o [1]
  .rodata            const    0x0800d6ac     0xc  platform.o [1]
  .rodata            const    0x0800d6b8     0xc  platform.o [1]
  .rodata            const    0x0800d6c4     0xc  platform.o [1]
  .rodata            const    0x0800d6d0     0xc  platform_flash.o [1]
  .rodata            const    0x0800d6dc     0xc  platform_init.o [1]
  .text              ro code  0x0800d6e8     0xc  cstartup_M.o [4]
  .rodata            const    0x0800d6f4     0x8  application.o [1]
  .rodata            const    0x0800d6fc     0x8  can_protocol.o [1]
  .rodata            const    0x0800d704     0x8  StringUtils.o [1]
  .rodata            const    0x0800d70c     0x8  upgrade_flash.o [1]
  .text              ro code  0x0800d714     0x8  startup_stm32f103xe_application_EWARM.o [1]
  .rodata            const    0x0800d71c     0x4  platform_uart.o [1]
  .text              ro code  0x0800d720     0x4  startup_stm32f103xe_application_EWARM.o [1]
  .text              ro code  0x0800d724     0x4  startup_stm32f103xe_application_EWARM.o [1]
  .text              ro code  0x0800d728     0x4  startup_stm32f103xe_application_EWARM.o [1]
  .text              ro code  0x0800d72c     0x4  startup_stm32f103xe_application_EWARM.o [1]
  .text              ro code  0x0800d730     0x4  startup_stm32f103xe_application_EWARM.o [1]
  .text              ro code  0x0800d734     0x4  startup_stm32f103xe_application_EWARM.o [1]
  .text              ro code  0x0800d738     0x4  startup_stm32f103xe_application_EWARM.o [1]
  .text              ro code  0x0800d73c     0x4  startup_stm32f103xe_application_EWARM.o [1]
  .text              ro code  0x0800d740     0x4  startup_stm32f103xe_application_EWARM.o [1]
  .text              ro code  0x0800d744     0x4  startup_stm32f103xe_application_EWARM.o [1]
  .text              ro code  0x0800d748     0x4  startup_stm32f103xe_application_EWARM.o [1]
  .text              ro code  0x0800d74c     0x4  startup_stm32f103xe_application_EWARM.o [1]
  .text              ro code  0x0800d750     0x4  startup_stm32f103xe_application_EWARM.o [1]
  .text              ro code  0x0800d754     0x4  startup_stm32f103xe_application_EWARM.o [1]
  .text              ro code  0x0800d758     0x4  startup_stm32f103xe_application_EWARM.o [1]
  .text              ro code  0x0800d75c     0x4  startup_stm32f103xe_application_EWARM.o [1]
  .text              ro code  0x0800d760     0x4  startup_stm32f103xe_application_EWARM.o [1]
  .text              ro code  0x0800d764     0x4  startup_stm32f103xe_application_EWARM.o [1]
  .text              ro code  0x0800d768     0x4  startup_stm32f103xe_application_EWARM.o [1]
  .text              ro code  0x0800d76c     0x4  startup_stm32f103xe_application_EWARM.o [1]
  .text              ro code  0x0800d770     0x4  startup_stm32f103xe_application_EWARM.o [1]
  .text              ro code  0x0800d774     0x4  startup_stm32f103xe_application_EWARM.o [1]
  .text              ro code  0x0800d778     0x4  startup_stm32f103xe_application_EWARM.o [1]
  .text              ro code  0x0800d77c     0x4  startup_stm32f103xe_application_EWARM.o [1]
  .text              ro code  0x0800d780     0x4  startup_stm32f103xe_application_EWARM.o [1]
  .text              ro code  0x0800d784     0x4  startup_stm32f103xe_application_EWARM.o [1]
  .text              ro code  0x0800d788     0x4  startup_stm32f103xe_application_EWARM.o [1]
  .text              ro code  0x0800d78c     0x4  startup_stm32f103xe_application_EWARM.o [1]
  .text              ro code  0x0800d790     0x4  startup_stm32f103xe_application_EWARM.o [1]
  .text              ro code  0x0800d794     0x4  startup_stm32f103xe_application_EWARM.o [1]
  .text              ro code  0x0800d798     0x4  startup_stm32f103xe_application_EWARM.o [1]
  .rodata            const    0x0800d79c     0x0  zero_init3.o [4]
  .rodata            const    0x0800d79c     0x0  copy_init3.o [4]
  Initializer bytes  ro data  0x0800d79c   0x394  <for P2 s0>
                            - 0x0800db30  0xda44

"P2":                                     0x2238
  P2 s0                       0x20000000   0x394  <Init block>
    .data            inited   0x20000000   0x1b8  vl53l0x_api.o [1]
    .data            inited   0x200001b8    0xf4  vl53l0x_api.o [1]
    .data            inited   0x200002ac    0x68  platform.o [1]
    .data            inited   0x20000314    0x40  platform.o [1]
    .data            inited   0x20000354    0x14  platform.o [1]
    .data            inited   0x20000368    0x10  vl53l0x_api_calibration.o [1]
    .data            inited   0x20000378     0x4  can_protocol.o [1]
    .data            inited   0x2000037c     0x4  can_protocol.o [1]
    .data            inited   0x20000380     0x4  i2c.o [1]
    .data            inited   0x20000384     0x4  system_stm32f1xx.o [1]
    .data            inited   0x20000388     0x4  upgrade_flash.o [1]
    .data            inited   0x2000038c     0x4  VL53L0.o [1]
    .data            inited   0x20000390     0x4  VL53L0.o [1]
  .bss               zero     0x20000394   0x3a4  can_protocol.o [1]
  .bss               zero     0x20000738   0x1d8  dlmalloc.o [3]
  .bss               zero     0x20000910   0x1c0  can_protocol.o [1]
  .bss               zero     0x20000ad0   0x188  VL53L0.o [1]
  .bss               zero     0x20000c58    0xc0  platform.o [1]
  .bss               zero     0x20000d18    0xc0  platform_gpio.o [1]
  .bss               zero     0x20000dd8    0xa8  platform.o [1]
  .bss               zero     0x20000e80    0xa8  platform.o [1]
  .bss               zero     0x20000f28    0x40  can_protocol.o [1]
  .bss               zero     0x20000f68    0x40  platform_init.o [1]
  .bss               zero     0x20000fa8    0x24  platform.o [1]
  .bss               zero     0x20000fd0    0x20  stm32f1xx_hal_flash.o [1]
  .bss               zero     0x20000ff0    0x1c  can_protocol.o [1]
  .bss               zero     0x2000100c    0x1c  platform.o [1]
  .bss               zero     0x20001028    0x1c  VL53L0.o [1]
  .bss               zero     0x20001044    0x18  can_protocol.o [1]
  .bss               zero     0x2000105c    0x18  upgrade_flash.o [1]
  .bss               zero     0x20001074    0x18  upgrade_flash.o [1]
  .bss               zero     0x2000108c    0x18  dlmalloc.o [3]
  .bss               zero     0x200010a4    0x10  can_protocol.o [1]
  .bss               zero     0x200010b4    0x10  can_protocol.o [1]
  .bss               zero     0x200010c4    0x10  platform_flash.o [1]
  .bss               zero     0x200010d4    0x10  platform_init.o [1]
  .bss               zero     0x200010e4     0xc  platform.o [1]
  .bss               zero     0x200010f0     0xc  platform_uart.o [1]
  .bss               zero     0x200010fc     0xc  platform_uart.o [1]
  .bss               zero     0x20001108     0x4  application.o [1]
  .bss               zero     0x2000110c     0x4  application.o [1]
  .bss               zero     0x20001110     0x4  application.o [1]
  .bss               zero     0x20001114     0x4  can_protocol.o [1]
  .bss               zero     0x20001118     0x4  can_protocol.o [1]
  .bss               zero     0x2000111c     0x4  platform_init.o [1]
  .bss               zero     0x20001120     0x4  stm32f1xx_hal.o [1]
  .bss               zero     0x20001124     0x4  upgrade_flash.o [1]
  .bss               zero     0x20001128     0x4  xgetmemchunk.o [3]
  .bss               zero     0x2000112c     0x1  application.o [1]
  .bss               zero     0x2000112d     0x1  application.o [1]
  .bss               zero     0x2000112e     0x1  application.o [1]
  .bss               zero     0x2000112f     0x1  can_protocol.o [1]
  .bss               zero     0x20001130     0x1  VL53L0.o [1]
  CSTACK                      0x20001138  0x1000  <Block>
    CSTACK           uninit   0x20001138  0x1000  <Block tail>
  HEAP                        0x20002138   0x100  <Block>
    HEAP             uninit   0x20002138   0x100  <Block tail>
                            - 0x20002238  0x2238


*******************************************************************************
*** INIT TABLE
***

          Address     Size
          -------     ----
Zero (__iar_zero_init3)
    1 destination range, total size 0xd9d:
          0x20000394  0xd9d

Copy (__iar_copy_init3)
    1 source range, total size 0x394:
          0x0800d79c  0x394
    1 destination range, total size 0x394:
          0x20000000  0x394



*******************************************************************************
*** MODULE SUMMARY
***

    Module                                   ro code  ro data  rw data
    ------                                   -------  -------  -------
E:\c\NOAH_LIGHT_Update\projects\light\application\EWARM\Debug\Obj: [1]
    LibMd5.o                                   3 202
    Retarget.o                                    30
    RingBufferUtils.o                             40
    StringUtils.o                                160      160
    URLUtils.o                                    16
    VL53L0.o                                   1 164      388      429
    app_platform.o                               132      176
    application.o                                336      100       15
    board_init.o                                  88
    can_protocol.o                             3 576      752    1 545
    crt0_EWARM.o                                  28
    fifo.o                                       224
    hardfault.o                                  652      408
    i2c.o                                      1 620        4        4
    mico_platform_common.o                     1 448      140
    platform.o                                   342      728      792
    platform_can.o                               664
    platform_flash.o                           1 890      552       16
    platform_gpio.o                              796       32      192
    platform_init.o                              492       12       84
    platform_mcu_powersave.o                      16
    platform_tim.o                                16
    platform_uart.o                            1 944        4       24
    platform_watchdog.o                           16
    rtos.o                                        36
    startup_stm32f103xe_application_EWARM.o      386
    stm32f1xx_hal.o                               88                 4
    stm32f1xx_hal_can.o                        2 116
    stm32f1xx_hal_cortex.o                       280
    stm32f1xx_hal_dma.o                           88
    stm32f1xx_hal_flash.o                        440                32
    stm32f1xx_hal_flash_ex.o                     276
    stm32f1xx_hal_gpio.o                         764
    stm32f1xx_hal_msp_template.o                   2
    stm32f1xx_hal_pwr.o                           36
    stm32f1xx_hal_rcc.o                        3 272       34
    stm32f1xx_hal_uart.o                         876
    system_stm32f1xx.o                                      4        4
    upgrade_flash.o                            1 508      552       56
    vl53l0x_api.o                              4 808      684      684
    vl53l0x_api_calibration.o                  2 420       16       16
    vl53l0x_api_core.o                         7 210
    vl53l0x_platform.o                            90
    ------------------------------------------------------------------
    Total:                                    43 588    4 746    3 897

command line: [2]
    ------------------------------------------------------------------
    Total:

dl7M_tln.a: [3]
    abort.o                                        6
    abs.o                                          8
    dlmalloc.o                                 5 400               496
    exit.o                                         4
    printf.o                                      36
    putchar.o                                     40
    sprintf.o                                     52
    strrchr.o                                     24
    xgetmemchunk.o                                44                 4
    xprintfsmall_nomb.o                        1 240
    xprout.o                                      22
    xsprout.o                                     10
    ------------------------------------------------------------------
    Total:                                     6 886               500

rt7M_tl.a: [4]
    ABImemclr4.o                                   6
    ABImemcpy_unaligned.o                        118
    ABImemset.o                                  102
    ABImemset48.o                                 50
    U64Shr.o                                      30
    cexit.o                                       10
    cmain.o                                       26
    copy_init3.o                                  46
    cstartup_M.o                                  12
    data_init.o                                   40
    memchr.o                                      88
    memcmp_unaligned.o                            98
    strchr.o                                      22
    strcpy_unaligned.o                            68
    strlen.o                                      54
    zero_init3.o                                  34
    ------------------------------------------------------------------
    Total:                                       804

shb_l.a: [5]
    exit.o                                        20
    ------------------------------------------------------------------
    Total:                                        20

    Gaps                                          26        6        4
    Linker created                                         36    4 352
----------------------------------------------------------------------
    Grand Total:                              51 324    4 788    8 753


*******************************************************************************
*** ENTRY LIST
***

Entry                      Address   Size  Type      Object
-----                      -------   ----  ----      ------
.intvec$$Base           0x08000000          --   Gb  - Linker created -
.intvec$$Limit          0x080000ec          --   Gb  - Linker created -
?main                   0x0800d47d         Code  Gb  cmain.o [4]
CAN_Receive_IT          0x08007245  0x17c  Code  Lc  stm32f1xx_hal_can.o [1]
CAN_Transmit_IT         0x08007201   0x44  Code  Lc  stm32f1xx_hal_can.o [1]
CSTACK$$Base            0x20001138          --   Gb  - Linker created -
CSTACK$$Limit           0x20002138          --   Gb  - Linker created -
CanLongBufInit          0x0800a099   0x3e  Code  Gb  can_protocol.o [1]
CanTX                   0x08009c6b  0x28a  Code  Gb  can_protocol.o [1]
CanTxdataBuff           0x20000910  0x1c0  Data  Gb  can_protocol.o [1]
CmdProcessing           0x08009ef5  0x124  Code  Gb  can_protocol.o [1]
DMA1_Channel1_IRQHandler
                        0x080085e5    0x4  Code  Gb  platform.o [1]
DMA1_Channel2_IRQHandler
                        0x080085a9    0xa  Code  Gb  platform.o [1]
DMA1_Channel3_IRQHandler
                        0x080085c7    0xa  Code  Gb  platform.o [1]
DMA1_Channel4_IRQHandler
                        0x080085b3    0xa  Code  Gb  platform.o [1]
DMA1_Channel5_IRQHandler
                        0x080085d1    0xa  Code  Gb  platform.o [1]
DMA1_Channel6_IRQHandler
                        0x080085db    0xa  Code  Gb  platform.o [1]
DMA1_Channel7_IRQHandler
                        0x080085bd    0xa  Code  Gb  platform.o [1]
DMA2_Channel4_5_IRQHandler
                        0x080085e9    0x4  Code  Gb  platform.o [1]
DataToHexString         0x0800bce9   0x8a  Code  Gb  StringUtils.o [1]
DefaultTuningSettings   0x200001b8   0xf4  Data  Gb  vl53l0x_api.o [1]
EXTI0_IRQHandler        0x080049a3    0x8  Code  Gb  platform_gpio.o [1]
EXTI15_10_IRQHandler    0x080049d3    0x8  Code  Gb  platform_gpio.o [1]
EXTI1_IRQHandler        0x080049ab    0x8  Code  Gb  platform_gpio.o [1]
EXTI2_IRQHandler        0x080049b3    0x8  Code  Gb  platform_gpio.o [1]
EXTI3_IRQHandler        0x080049bb    0x8  Code  Gb  platform_gpio.o [1]
EXTI4_IRQHandler        0x080049c3    0x8  Code  Gb  platform_gpio.o [1]
EXTI9_5_IRQHandler      0x080049cb    0x8  Code  Gb  platform_gpio.o [1]
EnableSwjAndDisableJtag
                        0x080049db   0x12  Code  Gb  platform_gpio.o [1]
FLASH_MassErase         0x08006ac9   0x2a  Code  Lc  stm32f1xx_hal_flash_ex.o [1]
FLASH_PageErase         0x08006af3   0x24  Code  Gb  stm32f1xx_hal_flash_ex.o [1]
FLASH_Program_HalfWord  0x08006933   0x16  Code  Lc  stm32f1xx_hal_flash.o [1]
FLASH_SetErrorCode      0x080069a5   0x50  Code  Lc  stm32f1xx_hal_flash.o [1]
FLASH_WaitForLastOperation
                        0x08006949   0x5c  Code  Gb  stm32f1xx_hal_flash.o [1]
FifoGetCanPkg           0x08007459   0x48  Code  Gb  fifo.o [1]
FifoInit                0x080073c1   0x1a  Code  Gb  fifo.o [1]
FifoPutCanPkg           0x0800740b   0x4e  Code  Gb  fifo.o [1]
FreeBuf                 0x0800a043   0x2a  Code  Lc  can_protocol.o [1]
GetCanSrcId             0x08009c25   0x46  Code  Gb  can_protocol.o [1]
GetKeyValue             0x08008695   0x1e  Code  Gb  platform.o [1]
GetOneFreeBuf           0x0800a019   0x2a  Code  Lc  can_protocol.o [1]
GetTheBufById           0x0800a06d   0x2c  Code  Lc  can_protocol.o [1]
HAL_CAN_ConfigFilter    0x08006caf  0x128  Code  Gb  stm32f1xx_hal_can.o [1]
HAL_CAN_ErrorCallback   0x080071ff    0x2  Code  Wk  stm32f1xx_hal_can.o [1]
HAL_CAN_IRQHandler      0x08007081  0x16c  Code  Gb  stm32f1xx_hal_can.o [1]
HAL_CAN_Init            0x08006b7d  0x132  Code  Gb  stm32f1xx_hal_can.o [1]
HAL_CAN_MspInit         0x08006dd7    0x2  Code  Wk  stm32f1xx_hal_can.o [1]
HAL_CAN_Receive_IT      0x08007005   0x7c  Code  Gb  stm32f1xx_hal_can.o [1]
HAL_CAN_RxCpltCallback  0x08005b97   0x52  Code  Gb  platform_can.o [1]
HAL_CAN_Transmit        0x08006dd9  0x22c  Code  Gb  stm32f1xx_hal_can.o [1]
HAL_CAN_TxCpltCallback  0x080071fd    0x2  Code  Wk  stm32f1xx_hal_can.o [1]
HAL_DMA_Init            0x080062e9   0x58  Code  Gb  stm32f1xx_hal_dma.o [1]
HAL_Delay               0x08006b59   0x1a  Code  Wk  stm32f1xx_hal.o [1]
HAL_FLASHEx_Erase       0x08006a11   0xb8  Code  Gb  stm32f1xx_hal_flash_ex.o [1]
HAL_FLASH_Program       0x08006859   0xbe  Code  Gb  stm32f1xx_hal_flash.o [1]
HAL_FLASH_Unlock        0x08006917   0x1c  Code  Gb  stm32f1xx_hal_flash.o [1]
HAL_GPIO_Init           0x08005c19  0x2ba  Code  Gb  stm32f1xx_hal_gpio.o [1]
HAL_GetTick             0x08006b53    0x6  Code  Wk  stm32f1xx_hal.o [1]
HAL_IncTick             0x08006b47    0xc  Code  Wk  stm32f1xx_hal.o [1]
HAL_Init                0x08006b25   0x22  Code  Gb  stm32f1xx_hal.o [1]
HAL_InitTick            0x0800836d   0x24  Code  Gb  platform_init.o [1]
HAL_MspInit             0x08008535    0x2  Code  Gb  stm32f1xx_hal_msp_template.o [1]
HAL_NVIC_SetPriority    0x080082f9   0x26  Code  Gb  stm32f1xx_hal_cortex.o [1]
HAL_NVIC_SetPriorityGrouping
                        0x080082ed    0xc  Code  Gb  stm32f1xx_hal_cortex.o [1]
HAL_PWR_EnterSTANDBYMode
                        0x08008539   0x1c  Code  Gb  stm32f1xx_hal_pwr.o [1]
HAL_RCC_ClockConfig     0x08007c9b  0x37e  Code  Gb  stm32f1xx_hal_rcc.o [1]
HAL_RCC_GetHCLKFreq     0x080080af   0x2c  Code  Gb  stm32f1xx_hal_rcc.o [1]
HAL_RCC_GetPCLK1Freq    0x080080e5   0x26  Code  Gb  stm32f1xx_hal_rcc.o [1]
HAL_RCC_GetPCLK2Freq    0x0800810b   0x26  Code  Gb  stm32f1xx_hal_rcc.o [1]
HAL_RCC_GetSysClockFreq
                        0x08008019   0x96  Code  Gb  stm32f1xx_hal_rcc.o [1]
HAL_RCC_OscConfig       0x080074a1  0x7fa  Code  Gb  stm32f1xx_hal_rcc.o [1]
HAL_SYSTICK_Config      0x0800831f    0xc  Code  Gb  stm32f1xx_hal_cortex.o [1]
HAL_UART_GetState       0x080060eb    0x6  Code  Gb  stm32f1xx_hal_uart.o [1]
HAL_UART_Init           0x08005f7d   0x70  Code  Gb  stm32f1xx_hal_uart.o [1]
HAL_UART_MspInit        0x08005fed    0x2  Code  Wk  stm32f1xx_hal_uart.o [1]
HAL_UART_Transmit       0x08005fef   0xfc  Code  Gb  stm32f1xx_hal_uart.o [1]
HEAP$$Base              0x20002138          --   Gb  - Linker created -
HEAP$$Limit             0x20002238          --   Gb  - Linker created -
I2C0_ACK                0x08003245   0x70  Code  Gb  i2c.o [1]
I2C0_Init               0x08003089   0x6c  Code  Gb  i2c.o [1]
I2C0_NACK               0x080032b5   0x70  Code  Gb  i2c.o [1]
I2C0_Read_Byte          0x080033d5   0xa0  Code  Gb  i2c.o [1]
I2C0_Send_Byte          0x08003325   0xae  Code  Gb  i2c.o [1]
I2C0_SetSpeed           0x08003475   0x3a  Code  Gb  i2c.o [1]
I2C0_Start              0x080030f5   0x70  Code  Gb  i2c.o [1]
I2C0_Stop               0x08003165   0x68  Code  Gb  i2c.o [1]
I2C0_Wait_ACK           0x080031cd   0x76  Code  Gb  i2c.o [1]
InterruptThresholdSettings
                        0x20000000  0x1b8  Data  Gb  vl53l0x_api.o [1]
IsFifoEmpty             0x080073db   0x12  Code  Gb  fifo.o [1]
IsFifoFull              0x080073ed   0x1e  Code  Lc  fifo.o [1]
LeakyFactorFix8         0x2000038c    0x4  Data  Gb  VL53L0.o [1]
LightData               0x2000112f    0x1  Data  Gb  can_protocol.o [1]
LoadInt                 0x08006709   0x4c  Code  Lc  xprintfsmall_nomb.o [3]
MICOUpdateConfiguration
                        0x0800aeed   0xc6  Code  Gb  upgrade_flash.o [1]
Md5Finalise             0x0800bb71  0x112  Code  Gb  LibMd5.o [1]
Md5Initialise           0x0800b99f   0x1a  Code  Gb  LibMd5.o [1]
Md5Update               0x0800bac9   0xa8  Code  Gb  LibMd5.o [1]
MicoCanInitialize       0x08004661   0x1e  Code  Gb  mico_platform_common.o [1]
MicoCanMessageSend      0x0800467f   0x22  Code  Gb  mico_platform_common.o [1]
MicoFlashErase          0x08004371  0x15e  Code  Gb  mico_platform_common.o [1]
MicoFlashGetInfo        0x080041ef   0x20  Code  Gb  mico_platform_common.o [1]
MicoFlashInitialize     0x0800420f  0x15a  Code  Gb  mico_platform_common.o [1]
MicoFlashWrite          0x080044d9  0x182  Code  Gb  mico_platform_common.o [1]
MicoGpioInitialize      0x08004125   0x24  Code  Gb  mico_platform_common.o [1]
MicoGpioOutputHigh      0x08004149   0x20  Code  Gb  mico_platform_common.o [1]
MicoGpioOutputLow       0x08004169   0x20  Code  Gb  mico_platform_common.o [1]
MicoGpioOutputTrigger   0x08004189   0x20  Code  Gb  mico_platform_common.o [1]
MicoUartSend            0x080041c7   0x28  Code  Gb  mico_platform_common.o [1]
NVIC_ClearPendingIRQ    0x08005985   0x14  Code  Lc  platform_can.o [1]
NVIC_EnableIRQ          0x08005971   0x14  Code  Lc  platform_can.o [1]
NVIC_EnableIRQ          0x08004a1d   0x16  Code  Lc  platform_uart.o [1]
NVIC_EncodePriority     0x0800827f   0x3e  Code  Lc  stm32f1xx_hal_cortex.o [1]
NVIC_GetPriorityGrouping
                        0x0800824f    0xa  Code  Lc  stm32f1xx_hal_cortex.o [1]
NVIC_SetPriority        0x0800855d   0x26  Code  Lc  platform.o [1]
NVIC_SetPriority        0x08008259   0x26  Code  Lc  stm32f1xx_hal_cortex.o [1]
NVIC_SetPriorityGrouping
                        0x08008231   0x1e  Code  Lc  stm32f1xx_hal_cortex.o [1]
NVIC_SystemReset        0x08008349   0x1c  Code  Lc  platform_init.o [1]
Platform_Init           0x0800c625   0x6a  Code  Gb  app_platform.o [1]
RangingMeasurementData  0x20001028   0x1c  Data  Gb  VL53L0.o [1]
Region$$Table$$Base     0x0800d2f0          --   Gb  - Linker created -
Region$$Table$$Limit    0x0800d314          --   Gb  - Linker created -
SensorData              0x20001044   0x18  Data  Gb  can_protocol.o [1]
Sensor_SetNewRange      0x0800c03f   0x48  Code  Gb  VL53L0.o [1]
SysLed                  0x0800c565   0x42  Code  Gb  application.o [1]
SysLight                0x0800c5a7   0x5a  Code  Gb  application.o [1]
SysTick_Config          0x080082bd   0x30  Code  Lc  stm32f1xx_hal_cortex.o [1]
SysTick_Handler         0x08008583    0x8  Code  Gb  platform.o [1]
SystemCoreClock         0x20000384    0x4  Data  Gb  system_stm32f1xx.o [1]
TIM2_IRQHandler         0x0800d655   0x10  Code  Gb  platform_tim.o [1]
TransformFunction       0x0800b001  0x99e  Code  Lc  LibMd5.o [1]
TxMessage               0x20000ff0   0x1c  Data  Gb  can_protocol.o [1]
UART_SetConfig          0x080061d3  0x10c  Code  Lc  stm32f1xx_hal_uart.o [1]
UART_WaitOnFlagUntilTimeout
                        0x080060f1   0xe2  Code  Lc  stm32f1xx_hal_uart.o [1]
USART1_IRQHandler       0x08008595    0xa  Code  Gb  platform.o [1]
USART2_IRQHandler       0x0800859f    0xa  Code  Gb  platform.o [1]
USART3_IRQHandler       0x0800858b    0xa  Code  Gb  platform.o [1]
USB_LP_CAN1_RX0_IRQHandler
                        0x080085ed    0xa  Code  Gb  platform.o [1]
UartHandle              0x20000c58   0xc0  Data  Lc  platform.o [1]
VL53L0XDevs             0x20000ad0  0x188  Data  Lc  VL53L0.o [1]
VL53L0X_CheckAndLoadInterruptSettings
                        0x080028b1   0x9e  Code  Gb  vl53l0x_api.o [1]
VL53L0X_ClearInterruptMask
                        0x08002f55   0x64  Code  Gb  vl53l0x_api.o [1]
VL53L0X_DataInit        0x08001d5d  0x1fa  Code  Gb  vl53l0x_api.o [1]
VL53L0X_Detect          0x0800bdbd  0x154  Code  Gb  VL53L0.o [1]
VL53L0X_GetDeviceMode   0x0800224d    0xc  Code  Gb  vl53l0x_api.o [1]
VL53L0X_GetDeviceParameters
                        0x0800215d   0xc6  Code  Gb  vl53l0x_api.o [1]
VL53L0X_GetFractionEnable
                        0x08002259   0x2a  Code  Gb  vl53l0x_api.o [1]
VL53L0X_GetInterMeasurementPeriodMilliSeconds
                        0x080024c3   0x52  Code  Gb  vl53l0x_api.o [1]
VL53L0X_GetInterruptMaskStatus
                        0x08002fb9   0x38  Code  Gb  vl53l0x_api.o [1]
VL53L0X_GetInterruptThresholds
                        0x08002ef9   0x5c  Code  Gb  vl53l0x_api.o [1]
VL53L0X_GetLimitCheckEnable
                        0x08002659   0x2a  Code  Gb  vl53l0x_api.o [1]
VL53L0X_GetLimitCheckValue
                        0x08002711   0xea  Code  Gb  vl53l0x_api.o [1]
VL53L0X_GetMeasurementDataReady
                        0x08002aa1   0x5e  Code  Gb  vl53l0x_api.o [1]
VL53L0X_GetMeasurementTimingBudgetMicroSeconds
                        0x0800229b   0x18  Code  Gb  vl53l0x_api.o [1]
VL53L0X_GetOffsetCalibrationDataMicroMeter
                        0x08001d45   0x18  Code  Gb  vl53l0x_api.o [1]
VL53L0X_GetRange        0x0800c0a3   0xaa  Code  Gb  VL53L0.o [1]
VL53L0X_GetRangingMeasurementData
                        0x08002aff  0x1bc  Code  Gb  vl53l0x_api.o [1]
VL53L0X_GetSequenceStepEnables
                        0x08002431   0x92  Code  Gb  vl53l0x_api.o [1]
VL53L0X_GetVcselPulsePeriod
                        0x080022d3   0x1e  Code  Gb  vl53l0x_api.o [1]
VL53L0X_GetWrapAroundCheckEnable
                        0x080027fb   0x4a  Code  Gb  vl53l0x_api.o [1]
VL53L0X_GetXTalkCompensationEnable
                        0x08002515   0x12  Code  Gb  vl53l0x_api.o [1]
VL53L0X_GetXTalkCompensationRateMegaCps
                        0x08002527   0x48  Code  Gb  vl53l0x_api.o [1]
VL53L0X_PerformRefCalibration
                        0x08002893   0x1e  Code  Gb  vl53l0x_api.o [1]
VL53L0X_PerformRefSpadManagement
                        0x08002ff1   0x1c  Code  Gb  vl53l0x_api.o [1]
VL53L0X_PerformSingleMeasurement
                        0x08002845   0x4e  Code  Gb  vl53l0x_api.o [1]
VL53L0X_PerformSingleRangingMeasurement
                        0x08002cbb   0x26  Code  Gb  vl53l0x_api.o [1]
VL53L0X_PollingDelay    0x0800305f    0x8  Code  Gb  vl53l0x_platform.o [1]
VL53L0X_SetDeviceMode   0x08002223   0x2a  Code  Gb  vl53l0x_api.o [1]
VL53L0X_SetGpioConfig   0x08002ce1  0x218  Code  Gb  vl53l0x_api.o [1]
VL53L0X_SetLimitCheckEnable
                        0x0800256f   0xea  Code  Gb  vl53l0x_api.o [1]
VL53L0X_SetLimitCheckValue
                        0x08002683   0x8e  Code  Gb  vl53l0x_api.o [1]
VL53L0X_SetMeasurementTimingBudgetMicroSeconds
                        0x08002283   0x18  Code  Gb  vl53l0x_api.o [1]
VL53L0X_SetSequenceStepEnable
                        0x080022f1   0xee  Code  Gb  vl53l0x_api.o [1]
VL53L0X_SetVcselPulsePeriod
                        0x080022b3   0x20  Code  Gb  vl53l0x_api.o [1]
VL53L0X_Setup           0x0800bf11  0x12e  Code  Gb  VL53L0.o [1]
VL53L0X_StartMeasurement
                        0x08002961  0x140  Code  Gb  vl53l0x_api.o [1]
VL53L0X_StartRange      0x0800c087   0x1c  Code  Gb  VL53L0.o [1]
VL53L0X_StaticInit      0x08001f57  0x206  Code  Gb  vl53l0x_api.o [1]
VL53L0X_UpdateByte      0x0800300d   0x52  Code  Gb  vl53l0x_platform.o [1]
VL53L0X_calc_dmax       0x08001503  0x1ac  Code  Gb  vl53l0x_api_core.o [1]
VL53L0X_calc_macro_period_ps
                        0x08000861   0x22  Code  Gb  vl53l0x_api_core.o [1]
VL53L0X_calc_sigma_estimate
                        0x080016af  0x332  Code  Gb  vl53l0x_api_core.o [1]
VL53L0X_calc_timeout_mclks
                        0x080008c9   0x40  Code  Gb  vl53l0x_api_core.o [1]
VL53L0X_calc_timeout_us
                        0x08000909   0x42  Code  Gb  vl53l0x_api_core.o [1]
VL53L0X_decode_timeout  0x080008b5   0x14  Code  Gb  vl53l0x_api_core.o [1]
VL53L0X_decode_vcsel_period
                        0x08000133    0xe  Code  Gb  vl53l0x_api_core.o [1]
VL53L0X_device_read_strobe
                        0x0800017d   0x66  Code  Gb  vl53l0x_api_core.o [1]
VL53L0X_encode_timeout  0x08000883   0x32  Code  Gb  vl53l0x_api_core.o [1]
VL53L0X_encode_vcsel_period
                        0x08000141   0x10  Code  Gb  vl53l0x_api_core.o [1]
VL53L0X_get_info_from_device
                        0x080001e3  0x67e  Code  Gb  vl53l0x_api_core.o [1]
VL53L0X_get_measurement_timing_budget_micro_seconds
                        0x08001221  0x11c  Code  Gb  vl53l0x_api_core.o [1]
VL53L0X_get_offset_calibration_data_micro_meter
                        0x08003721   0x66  Code  Gb  vl53l0x_api_calibration.o [1]
VL53L0X_get_pal_range_status
                        0x080019ed  0x32a  Code  Gb  vl53l0x_api_core.o [1]
VL53L0X_get_total_signal_rate
                        0x080014d5   0x2e  Code  Gb  vl53l0x_api_core.o [1]
VL53L0X_get_total_xtalk_rate
                        0x08001491   0x44  Code  Gb  vl53l0x_api_core.o [1]
VL53L0X_get_vcsel_pulse_period
                        0x0800105f   0x52  Code  Gb  vl53l0x_api_core.o [1]
VL53L0X_isqrt           0x08000151   0x2c  Code  Gb  vl53l0x_api_core.o [1]
VL53L0X_load_tuning_settings
                        0x0800133d  0x154  Code  Gb  vl53l0x_api_core.o [1]
VL53L0X_measurement_poll_for_completion
                        0x080000ed   0x46  Code  Gb  vl53l0x_api_core.o [1]
VL53L0X_perform_phase_calibration
                        0x08003f67   0xba  Code  Gb  vl53l0x_api_calibration.o [1]
VL53L0X_perform_ref_calibration
                        0x08004021   0x74  Code  Gb  vl53l0x_api_calibration.o [1]
VL53L0X_perform_ref_spad_management
                        0x080039f3  0x34c  Code  Gb  vl53l0x_api_calibration.o [1]
VL53L0X_perform_single_ref_calibration
                        0x08003d3f   0x58  Code  Gb  vl53l0x_api_calibration.o [1]
VL53L0X_perform_vhv_calibration
                        0x08003ea7   0xc0  Code  Gb  vl53l0x_api_calibration.o [1]
VL53L0X_ref_calibration_io
                        0x08003d97  0x110  Code  Gb  vl53l0x_api_calibration.o [1]
VL53L0X_set_measurement_timing_budget_micro_seconds
                        0x080010b1  0x170  Code  Gb  vl53l0x_api_core.o [1]
VL53L0X_set_vcsel_pulse_period
                        0x08000c3b  0x424  Code  Gb  vl53l0x_api_core.o [1]
_GetPageAddress         0x08005951   0x1e  Code  Lc  platform_flash.o [1]
_LitobSmallNoMb         0x08006755   0xce  Code  Lc  xprintfsmall_nomb.o [3]
_PrintfSmallNoMb        0x08006381  0x382  Code  Gb  xprintfsmall_nomb.o [3]
_Prout                  0x0800d4c1   0x16  Code  Gb  xprout.o [3]
_PutcharsSmallNoMb      0x08006823   0x2e  Code  Lc  xprintfsmall_nomb.o [3]
_SProut                 0x08004113    0xa  Code  Gb  xsprout.o [3]
__aeabi_llsr            0x08008211         Code  Gb  U64Shr.o [4]
__aeabi_memclr4         0x0800411d         Code  Gb  ABImemclr4.o [4]
__aeabi_memset          0x08005f15         Code  Gb  ABImemset.o [4]
__cmain                 0x0800d47d         Code  Gb  cmain.o [4]
__data_GetMemChunk      0x08009be5   0x2c  Code  Gb  xgetmemchunk.o [3]
__exit                  0x08009c11   0x14  Code  Gb  exit.o [5]
__iar_Memchr            0x080081b9         Code  Gb  memchr.o [4]
__iar_Memset            0x08005f15         Code  Gb  ABImemset.o [4]
__iar_Memset4_word      0x080046cd         Code  Gb  ABImemset48.o [4]
__iar_Memset8_word      0x080046cd         Code  Gb  ABImemset48.o [4]
__iar_Memset_word       0x08005f1d         Code  Gb  ABImemset.o [4]
__iar_Strchr            0x08008169         Code  Gb  strchr.o [4]
__iar_Strrchr           0x08006369   0x18  Code  Gb  strrchr.o [3]
__iar_copy_init3        0x08001d17   0x2e  Code  Gb  copy_init3.o [4]
__iar_data_init3        0x0800d13d   0x28  Code  Gb  data_init.o [4]
__iar_dlfree            0x080096c3  0x510  Code  Gb  dlmalloc.o [3]
__iar_dlmalloc          0x08009403  0x2b4  Code  Gb  dlmalloc.o [3]
__iar_program_start     0x0800d6e9         Code  Gb  cstartup_M.o [4]
__iar_unaligned___aeabi_memcpy
                        0x0800409d         Code  Gb  ABImemcpy_unaligned.o [4]
__iar_unaligned___aeabi_memcpy4
                        0x080040bd         Code  Gb  ABImemcpy_unaligned.o [4]
__iar_unaligned___aeabi_memcpy8
                        0x080040bd         Code  Gb  ABImemcpy_unaligned.o [4]
__iar_unaligned_memcmp  0x0800bc85         Code  Gb  memcmp_unaligned.o [4]
__iar_unaligned_strcpy  0x080036dd         Code  Gb  strcpy_unaligned.o [4]
__iar_zero_init3        0x08003067   0x22  Code  Gb  zero_init3.o [4]
__low_level_init        0x0800d461   0x1c  Code  Gb  crt0_EWARM.o [1]
__vector_table          0x08000000         Data  Gb  startup_stm32f103xe_application_EWARM.o [1]
__write                 0x0800d11d   0x1e  Code  Gb  Retarget.o [1]
_call_main              0x0800d489         Code  Gb  cmain.o [4]
_exit                   0x0800d49d         Code  Gb  cexit.o [4]
_gm_                    0x20000738  0x1d8  Data  Lc  dlmalloc.o [3]
_main                   0x0800d493         Code  Gb  cmain.o [4]
aAPBAHBPrescTable       0x0800d614   0x10  Data  Gb  stm32f1xx_hal_rcc.o [1]
abort                   0x08009bdd    0x6  Code  Gb  abort.o [3]
abs                     0x08004095    0x8  Code  Gb  abs.o [3]
board_gpios_init        0x0800c6a9   0x58  Code  Gb  board_init.o [1]
bootTable               0x20001074   0x18  Data  Gb  upgrade_flash.o [1]
bsp_Init                0x0800c6a1    0x8  Code  Gb  app_platform.o [1]
canAckBack              0x0800a0d7   0x98  Code  Gb  can_protocol.o [1]
can_fifo                0x20000378    0x4  Data  Gb  can_protocol.o [1]
can_fifo_ram            0x200010a4   0x10  Data  Gb  can_protocol.o [1]
can_handle              0x20000314   0x40  Data  Gb  platform.o [1]
can_light_send          0x0800a421   0x4c  Code  Gb  can_protocol.o [1]
can_long_frame_buf      0x2000037c    0x4  Data  Gb  can_protocol.o [1]
can_long_frame_buf_ram  0x20000394  0x3a4  Data  Gb  can_protocol.o [1]
can_pkg                 0x20000f28   0x40  Data  Gb  can_protocol.o [1]
can_protocol_period     0x0800a489  0x500  Code  Gb  can_protocol.o [1]
can_rx_msg              0x20000fa8   0x24  Data  Gb  platform.o [1]
can_test_cnt            0x20001114    0x4  Data  Lc  can_protocol.o [1]
can_tx_msg              0x2000100c   0x1c  Data  Gb  platform.o [1]
clear_dma_interrupts    0x08005055    0xc  Code  Lc  platform_uart.o [1]
double_write_I2C0       0x080034ff   0x74  Code  Gb  i2c.o [1]
enable_ref_spads        0x0800388f   0xc8  Code  Gb  vl53l0x_api_calibration.o [1]
enable_spad_bit         0x08003825   0x3a  Code  Gb  vl53l0x_api_calibration.o [1]
exit                    0x0800d497    0x4  Code  Gb  exit.o [3]
filter_buff             0x20000390    0x4  Data  Lc  VL53L0.o [1]
get_dma_irq_status      0x08005061    0x4  Code  Lc  platform_uart.o [1]
get_next_good_spad      0x08003787   0x7e  Code  Gb  vl53l0x_api_calibration.o [1]
get_ref_spad_map        0x08003877   0x18  Code  Gb  vl53l0x_api_calibration.o [1]
get_sequence_step_timeout
                        0x0800094b  0x168  Code  Gb  vl53l0x_api_core.o [1]
gpio_irq                0x080048d5   0xce  Code  Gb  platform_gpio.o [1]
gpio_irq_data           0x20000d18   0xc0  Data  Lc  platform_gpio.o [1]
gpio_peripheral_clocks  0x0800d354   0x20  Data  Gb  platform_gpio.o [1]
hard_fault_handler_c    0x0800c249  0x28c  Code  Gb  hardfault.o [1]
hdma_rx                 0x200010fc    0xc  Data  Lc  platform_uart.o [1]
hdma_tx                 0x200010f0    0xc  Data  Lc  platform_uart.o [1]
i2c0_speed              0x20000380    0x4  Data  Gb  i2c.o [1]
init_architecture       0x08008409   0xb0  Code  Gb  platform_init.o [1]
init_clocks             0x08008391   0x76  Code  Gb  platform_init.o [1]
init_memory             0x08008407    0x2  Code  Wk  platform_init.o [1]
init_mparams            0x080086df   0x32  Code  Lc  dlmalloc.o [3]
init_platform           0x0800867b    0x2  Code  Gb  platform.o [1]
init_top                0x08008711   0x34  Code  Lc  dlmalloc.o [3]
internalFlashErase      0x08005413   0xec  Code  Lc  platform_flash.o [1]
internalFlashInitialize
                        0x08005401   0x12  Code  Lc  platform_flash.o [1]
internalFlashWrite      0x08005505  0x406  Code  Lc  platform_flash.o [1]
is_aperture             0x08003805   0x1a  Code  Gb  vl53l0x_api_calibration.o [1]
light_data_filter       0x0800c14d   0xb2  Code  Gb  VL53L0.o [1]
light_delay             0x2000112d    0x1  Data  Lc  application.o [1]
light_index             0x2000112c    0x1  Data  Gb  application.o [1]
main                    0x0800c4d5   0x90  Code  Gb  application.o [1]
meas_st                 0x20001130    0x1  Data  Lc  VL53L0.o [1]
memchr                  0x080081b9         Code  Gb  memchr.o [4]
mico_gpio_input_get     0x080041a9   0x1e  Code  Gb  mico_platform_common.o [1]
mico_partitions         0x0800c8e4   0x64  Data  Gb  platform.o [1]
mico_rtos_get_semaphore
                        0x080051bb    0x6  Code  Gb  rtos.o [1]
mico_rtos_init_mutex    0x080051c7    0x6  Code  Gb  rtos.o [1]
mico_rtos_init_semaphore
                        0x080051b5    0x6  Code  Gb  rtos.o [1]
mico_rtos_lock_mutex    0x080051cd    0x6  Code  Gb  rtos.o [1]
mico_rtos_set_semaphore
                        0x080051c1    0x6  Code  Gb  rtos.o [1]
mico_rtos_unlock_mutex  0x080051d3    0x6  Code  Gb  rtos.o [1]
mparams                 0x2000108c   0x18  Data  Lc  dlmalloc.o [3]
multi_read_I2C0         0x08003641   0x86  Code  Gb  i2c.o [1]
multi_write_I2C0        0x08003573   0x6e  Code  Gb  i2c.o [1]
no_os_tick              0x2000111c    0x4  Data  Lc  platform_init.o [1]
ota_write_data_offset   0x20001124    0x4  Data  Lc  upgrade_flash.o [1]
pFlash                  0x20000fd0   0x20  Data  Gb  stm32f1xx_hal_flash.o [1]
p_upgrade               0x20000388    0x4  Data  Gb  upgrade_flash.o [1]
perform_ref_signal_measurement
                        0x08003957   0x9c  Code  Gb  vl53l0x_api_calibration.o [1]
platform_can_drivers    0x20000354   0x14  Data  Gb  platform.o [1]
platform_can_init       0x08005999  0x168  Code  Gb  platform_can.o [1]
platform_can_rx_irq     0x08005b51   0x46  Code  Gb  platform_can.o [1]
platform_can_send_message
                        0x08005b01   0x50  Code  Gb  platform_can.o [1]
platform_flash_drivers  0x200010e4    0xc  Data  Gb  platform.o [1]
platform_flash_erase    0x08005273   0xc0  Code  Gb  platform_flash.o [1]
platform_flash_init     0x0800520d   0x66  Code  Gb  platform_flash.o [1]
platform_flash_peripherals
                        0x0800d5f4   0x10  Data  Gb  platform.o [1]
platform_flash_write    0x08005333   0xc8  Code  Gb  platform_flash.o [1]
platform_gpio_get_port_number
                        0x08004853   0x32  Code  Gb  platform_gpio.o [1]
platform_gpio_init      0x08004701   0x70  Code  Gb  platform_gpio.o [1]
platform_gpio_input_get
                        0x080047fb   0x28  Code  Gb  platform_gpio.o [1]
platform_gpio_irq_manager_init
                        0x08004823   0x30  Code  Gb  platform_gpio.o [1]
platform_gpio_output_high
                        0x08004771   0x2c  Code  Gb  platform_gpio.o [1]
platform_gpio_output_low
                        0x0800479d   0x2c  Code  Gb  platform_gpio.o [1]
platform_gpio_output_trigger
                        0x080047c9   0x32  Code  Gb  platform_gpio.o [1]
platform_gpio_pins      0x0800c700  0x100  Data  Gb  platform.o [1]
platform_gpio_set_alternate_function
                        0x08004885   0x50  Code  Gb  platform_gpio.o [1]
platform_init_peripheral_irq_priorities
                        0x080085f7   0x84  Code  Gb  platform.o [1]
platform_mcu_powersave_disable
                        0x08005c0d    0x4  Code  Gb  platform_mcu_powersave.o [1]
platform_mcu_powersave_enable
                        0x08005c11    0x4  Code  Gb  platform_mcu_powersave.o [1]
platform_mcu_powersave_init
                        0x08005c09    0x4  Code  Gb  platform_mcu_powersave.o [1]
platform_mcu_reset      0x08008365    0x8  Code  Gb  platform_init.o [1]
platform_uart_drivers   0x200002ac   0x68  Data  Gb  platform.o [1]
platform_uart_get_port_number
                        0x08005065   0x24  Code  Gb  platform_uart.o [1]
platform_uart_init      0x08004a33  0x508  Code  Gb  platform_uart.o [1]
platform_uart_irq       0x080050c9   0x40  Code  Gb  platform_uart.o [1]
platform_uart_peripherals
                        0x0800c800   0x78  Data  Gb  platform.o [1]
platform_uart_rx_dma_irq
                        0x0800515f   0x56  Code  Gb  platform_uart.o [1]
platform_uart_transmit_bytes
                        0x08004f3b   0x64  Code  Gb  platform_uart.o [1]
platform_uart_tx_dma_irq
                        0x08005109   0x56  Code  Gb  platform_uart.o [1]
platform_watchdog_init  0x080086b5    0x6  Code  Gb  platform_watchdog.o [1]
platform_watchdog_kick  0x080086bb    0x4  Code  Gb  platform_watchdog.o [1]
prepend_alloc           0x08008745  0x36e  Code  Lc  dlmalloc.o [3]
printf                  0x080051e9   0x24  Code  Gb  printf.o [3]
putchar                 0x0800d0f5   0x28  Code  Gb  putchar.o [3]
real_data               0x2000112e    0x1  Data  Gb  application.o [1]
receive_bytes           0x08004f9f   0xb6  Code  Lc  platform_uart.o [1]
refArrayQuadrants       0x20000368   0x10  Data  Gb  vl53l0x_api_calibration.o [1]
ring_buffer_init        0x08006341   0x12  Code  Gb  RingBufferUtils.o [1]
ring_buffer_used_space  0x08006353   0x16  Code  Gb  RingBufferUtils.o [1]
segment_holding         0x080086c5   0x1a  Code  Lc  dlmalloc.o [3]
sequence_step_enabled   0x080023df   0x52  Code  Gb  vl53l0x_api.o [1]
set_ref_spad_map        0x0800385f   0x18  Code  Gb  vl53l0x_api_calibration.o [1]
set_sequence_step_timeout
                        0x08000ab3  0x188  Code  Gb  vl53l0x_api_core.o [1]
single_read_I2C0        0x080035e1   0x60  Code  Gb  i2c.o [1]
single_write_I2C0       0x080034af   0x50  Code  Gb  i2c.o [1]
sprintf                 0x0800bd89   0x34  Code  Gb  sprintf.o [3]
stdio_hardfault         0x080084b9   0x28  Code  Gb  platform_init.o [1]
stdio_rx_buffer         0x200010d4   0x10  Data  Lc  platform_init.o [1]
stdio_rx_data           0x20000f68   0x40  Data  Lc  platform_init.o [1]
stdio_uart_config       0x0800d6dc    0xc  Data  Lc  platform_init.o [1]
strchr                  0x08008169         Code  Gb  strchr.o [4]
strlen                  0x08008181         Code  Gb  strlen.o [4]
strrchr                 0x080051d9   0x10  Code  Gb  URLUtils.o [1]
sysTickHandler          0x080084e1   0x16  Code  Gb  platform_init.o [1]
sys_alloc               0x08008ab3  0x38c  Code  Lc  dlmalloc.o [3]
sys_led_start_time      0x20001108    0x4  Data  Gb  application.o [1]
sys_light_time          0x20001110    0x4  Data  Gb  application.o [1]
tmalloc_large           0x08008e4d  0x39c  Code  Lc  dlmalloc.o [3]
tmalloc_small           0x080091e9  0x21a  Code  Lc  dlmalloc.o [3]
uart_irq_vectors        0x0800d71c    0x4  Data  Lc  platform_uart.o [1]
uart_rx_dmaHandle       0x20000e80   0xa8  Data  Lc  platform.o [1]
uart_tx_dmaHandle       0x20000dd8   0xa8  Data  Lc  platform.o [1]
upgradeCheckFlash       0x0800ad79  0x170  Code  Gb  upgrade_flash.o [1]
upgradeFinishCheckProcess
                        0x0800a389   0x98  Code  Lc  can_protocol.o [1]
upgradeFirmwareRecevingProcess
                        0x0800a30b   0x7e  Code  Lc  can_protocol.o [1]
upgradePrepareFlash     0x0800aa1d  0x272  Code  Gb  upgrade_flash.o [1]
upgradePrepareProcess   0x0800a175  0x196  Code  Lc  can_protocol.o [1]
upgradeWriteFlashData   0x0800ac95   0xe2  Code  Gb  upgrade_flash.o [1]
upgrade_content         0x2000105c   0x18  Data  Lc  upgrade_flash.o [1]
uwTick                  0x20001120    0x4  Data  Lc  stm32f1xx_hal.o [1]


[1] = E:\c\NOAH_LIGHT_Update\projects\light\application\EWARM\Debug\Obj
[2] = command line
[3] = dl7M_tln.a
[4] = rt7M_tl.a
[5] = shb_l.a

  51 324 bytes of readonly  code memory
   4 788 bytes of readonly  data memory
   8 753 bytes of readwrite data memory

Errors: none
Warnings: none
